# Installationsnotizen (September 2024)

## sudo zfs list

### Bonne 

#### Vor der Installation

```
NAME                  USED  AVAIL     REFER  MOUNTPOINT
database              800K   868G      104K  /database
database/flatnode      96K   868G       96K  /database/flatnode
database/postgresql    96K   868G       96K  /var/lib/postgresql
```

#### Nach der Installation

```
NAME                  USED  AVAIL     REFER  MOUNTPOINT
database              472G   396G      104K  /database
database/flatnode    74.8G   396G     74.8G  /database/flatnode
database/postgresql   397G   396G      397G  /var/lib/postgresql
```

### Ptolemy 

```
NAME                  USED  AVAIL     REFER  MOUNTPOINT
database              720G  1016G      142G  /database
database/flatnode    75.0G  1016G     75.0G  /database/flatnode
database/postgresql   502G  1016G      502G  /database/postgresql
```


## sudo zpool list -v
- **NAME**: Der Name des Pools oder der Geräte innerhalb des Pools.
- **SIZE**: Die Gesamtgröße des Pools oder des Geräts.
- **ALLOC**: Der belegte Speicherplatz.
- **FREE**: Der verfügbare Speicherplatz.
- **CAP**: Der Prozentsatz der Kapazität, die genutzt wird.
- **DEDUP**: Das Deduplikationsverhältnis des Pools (wie oft Daten redundanzfrei gespeichert werden).
- **HEALTH**: Der Gesundheitsstatus des Pools (z.B. `ONLINE`, `DEGRADED`, `FAULTED`).
- **ALTROOT**: Gibt das alternative Root-Verzeichnis an, falls eines verwendet wird.

### Bonne

#### Vor der Installation

```
NAME            SIZE  ALLOC   FREE  CKPOINT  EXPANDSZ   FRAG    CAP  DEDUP    HEALTH  ALTROOT
database        896G   800K   896G        -         -     0%     0%  1.00x    ONLINE  -
  mirror-0      896G   800K   896G        -         -     0%  0.00%      -    ONLINE
    nvme0n1p4   899G      -      -        -         -      -      -      -    ONLINE
    nvme1n1p4   899G      -      -        -         -      -      -      -    ONLINE
```

#### Nach der Installation

```
NAME            SIZE  ALLOC   FREE  CKPOINT  EXPANDSZ   FRAG    CAP  DEDUP    HEALTH  ALTROOT
database        896G   473G   423G        -         -    39%    52%  1.00x    ONLINE  -
  mirror-0      896G   473G   423G        -         -    39%  52.7%      -    ONLINE
    nvme0n1p4   899G      -      -        -         -      -      -      -    ONLINE
    nvme1n1p4   899G      -      -        -         -      -      -      -    ONLINE
```

### Ptolemy 

```
NAME        SIZE  ALLOC   FREE  CKPOINT  EXPANDSZ   FRAG    CAP  DEDUP    HEALTH  ALTROOT
database   1.75T   720G  1.05T        -         -    69%    40%  1.00x    ONLINE  -
  md127    1.76T   720G  1.05T        -         -    69%  40.2%      -    ONLINE
```
## lsblk

### Bonne

```
NAME        MAJ:MIN RM   SIZE RO TYPE  MOUNTPOINTS
nvme2n1     259:0    0   3.5T  0 disk  
└─nvme2n1p1 259:1    0   3.5T  0 part  /var/cache/tirex
nvme0n1     259:2    0 953.9G  0 disk  
├─nvme0n1p1 259:3    0     4G  0 part  
│ └─md0       9:0    0     4G  0 raid1 [SWAP]
├─nvme0n1p2 259:4    0     1G  0 part  
│ └─md1       9:1    0  1022M  0 raid1 /boot
├─nvme0n1p3 259:5    0    50G  0 part  
│ └─md2       9:2    0    50G  0 raid1 /
└─nvme0n1p4 259:6    0 898.9G  0 part  
nvme1n1     259:7    0 953.9G  0 disk  
├─nvme1n1p1 259:8    0     4G  0 part  
│ └─md0       9:0    0     4G  0 raid1 [SWAP]
├─nvme1n1p2 259:9    0     1G  0 part  
│ └─md1       9:1    0  1022M  0 raid1 /boot
├─nvme1n1p3 259:10   0    50G  0 part  
│ └─md2       9:2    0    50G  0 raid1 /
└─nvme1n1p4 259:11   0 898.9G  0 part  
```

### Ptolemy

```
NAME          MAJ:MIN RM   SIZE RO TYPE  MOUNTPOINTS
sda             8:0    0   3.5T  0 disk  
└─sda1          8:1    0   3.5T  0 part  /var/cache/tirex
nvme0n1       259:0    0 953.9G  0 disk  
├─nvme0n1p1   259:1    0     4G  0 part  
│ └─md0         9:0    0     4G  0 raid1 [SWAP]
├─nvme0n1p2   259:2    0     1G  0 part  
│ └─md1         9:1    0  1022M  0 raid1 /boot
├─nvme0n1p3   259:4    0    50G  0 part  
│ └─md2         9:2    0    50G  0 raid1 /
└─nvme0n1p4   259:5    0 898.9G  0 part  
  └─md127       9:127  0   1.8T  0 raid0 
    ├─md127p1 259:10   0   1.8T  0 part  
    └─md127p9 259:11   0     8M  0 part  
nvme1n1       259:3    0 953.9G  0 disk  
├─nvme1n1p1   259:6    0     4G  0 part  
│ └─md0         9:0    0     4G  0 raid1 [SWAP]
├─nvme1n1p2   259:7    0     1G  0 part  
│ └─md1         9:1    0  1022M  0 raid1 /boot
├─nvme1n1p3   259:8    0    50G  0 part  
│ └─md2         9:2    0    50G  0 raid1 /
└─nvme1n1p4   259:9    0 898.9G  0 part  
  └─md127       9:127  0   1.8T  0 raid0 
    ├─md127p1 259:10   0   1.8T  0 part  
    └─md127p9 259:11   0     8M  0 part  
```


## cat /proc/mdstat

### Bonne
    
```
Personalities : [raid1] [linear] [multipath] [raid0] [raid6] [raid5] [raid4] [raid10] 
md0 : active (auto-read-only) raid1 nvme1n1p1[0] nvme0n1p1[1]
        4189184 blocks super 1.2 [2/2] [UU]
        
md1 : active raid1 nvme0n1p2[1] nvme1n1p2[0]
        1046528 blocks super 1.2 [2/2] [UU]
        
md2 : active raid1 nvme0n1p3[1] nvme1n1p3[0]
        52395008 blocks super 1.2 [2/2] [UU]
        
unused devices: <none>
```

### Ptolemy 

```
Personalities : [raid1] [raid0] [linear] [multipath] [raid6] [raid5] [raid4] [raid10] 
md0 : active raid1 nvme1n1p1[1] nvme0n1p1[0]
      4189184 blocks super 1.2 [2/2] [UU]
      
md2 : active raid1 nvme1n1p3[1] nvme0n1p3[0]
      52395008 blocks super 1.2 [2/2] [UU]
      
md127 : active raid0 nvme1n1p4[1] nvme0n1p4[0]
      1884798976 blocks super 1.2 512k chunks
      
md1 : active raid1 nvme1n1p2[1] nvme0n1p2[0]
      1046528 blocks super 1.2 [2/2] [UU]
      
unused devices: <none>
```

## df -h

### Bonne

#### Vor der Installation

```
Filesystem           Size  Used Avail Use% Mounted on
udev                  63G     0   63G   0% /dev
tmpfs                 13G  744K   13G   1% /run
/dev/md2              49G  2.1G   45G   5% /
tmpfs                 63G     0   63G   0% /dev/shm
tmpfs                5.0M     0  5.0M   0% /run/lock
/dev/md1             989M  117M  822M  13% /boot
/dev/nvme2n1p1       3.5T   32K  3.5T   1% /var/cache/tirex
database             869G  128K  869G   1% /database
database/flatnode    869G  128K  869G   1% /database/flatnode
database/postgresql  869G  128K  869G   1% /var/lib/postgresql
tmpfs                 13G     0   13G   0% /run/user/1003
```

#### Nach der Installation

```
Filesystem           Size  Used Avail Use% Mounted on
udev                  63G     0   63G   0% /dev
tmpfs                 13G  832K   13G   1% /run
/dev/md2              49G  8.9G   38G  20% /
tmpfs                 63G  4.5M   63G   1% /dev/shm
tmpfs                5.0M     0  5.0M   0% /run/lock
/dev/md1             989M  117M  822M  13% /boot
/dev/nvme2n1p1       3.5T  158G  3.3T   5% /var/cache/tirex
database             397G  128K  397G   1% /database
database/flatnode    471G   75G  397G  16% /database/flatnode
database/postgresql  794G  398G  397G  51% /var/lib/postgresql
tmpfs                 13G     0   13G   0% /run/user/1003
```

### Ptolemy 

```
Filesystem           Size  Used Avail Use% Mounted on
udev                  63G     0   63G   0% /dev
tmpfs                 13G  840K   13G   1% /run
/dev/md2              49G   40G  7.1G  85% /
tmpfs                 63G  4.5M   63G   1% /dev/shm
tmpfs                5.0M     0  5.0M   0% /run/lock
/dev/md1             989M  127M  812M  14% /boot
/dev/sda1            3.5T  2.3T  987G  71% /var/cache/tirex
database             1.2T  143G 1017G  13% /database
database/postgresql  1.5T  503G 1017G  34% /database/postgresql
database/flatnode    1.1T   75G 1017G   7% /database/flatnode
tmpfs                 13G     0   13G   0% /run/user/1005
```
